[2026-10-04 04:46:29] MAIN start  root=<SOURCE_ROOT> out=<OUT> guard=10 min_ep=10 fuse=10 B=1000 wake_trim_min=30.0 K=20
[2026-10-04 04:46:29] split: 44 TRAIN / 29 EVAL (subject-disjoint, asserted)
[2026-10-04 04:46:29] ===== wake handling: trim =====
[2026-10-04 04:46:53] night-1 EVAL subjects 29, night-2 28; epochs/stage {'W': 11941, 'N1': 4389, 'N2': 13843, 'N3': 2297, 'REM': 4729}
[2026-10-04 04:46:53] [clean] within 4.85  cross 12.10   |  [June leaky protocol] within 0.13 cross 8.97
[2026-10-04 04:46:59] per-subject: {'n': 29, 'mean_a': 12.81, 'mean_b': 5.65, 'median_a': 8.66, 'median_b': 4.35, 'mean_diff': 7.16, 'cohens_dz': 1.23, 'p': 6.146728992462158e-08, 'aggregation': 'per-subject EER, mean over subjects'}
[2026-10-04 04:47:57] scorer ablation: {'cosine_24D_fuse1': {'within': 31.92, 'cross': 45.45}, 'cosine_24D_fuse10': {'within': 25.3, 'cross': 44.24}, 'LDA_subject_disjoint_fuse1': {'within': 17.02, 'cross': 31.23}, 'LDA_subject_disjoint_fuse10': {'within': 11.66, 'cross': 28.11}}
[2026-10-04 04:47:58] fusion depth: {'1': {'accumulated_minutes_of_stage': 0.5, 'within': 7.39, 'cross': 14.59}, '2': {'accumulated_minutes_of_stage': 1.0, 'within': 6.35, 'cross': 13.68}, '5': {'accumulated_minutes_of_stage': 2.5, 'within': 5.48, 'cross': 12.72}, '10': {'accumulated_minutes_of_stage': 5.0, 'within': 4.85, 'cross': 12.1}, '20': {'accumulated_minutes_of_stage': 10.0, 'within': 4.43, 'cross': 11.26}}
[2026-10-04 04:47:58] operating point: {'FRR_at_FAR1pct_within_pooled': 20.44, 'HTER_matched_stage_threshold': 6.2, 'HTER_mismatched_stage_threshold': 7.43, 'HTER_matrix_cal_row_test_col': [[11.55, 6.59, 5.66, 6.28, 4.13], [13.71, 5.95, 3.83, 3.72, 2.59], [17.29, 5.61, 5.57, 5.6, 2.52], [17.64, 5.45, 5.3, 5.42, 2.28], [23.18, 7.87, 6.01, 3.42, 2.51]], 'note': '2-fold subject-disjoint calibration/test; thresholds at the calibration-fold EER point'}
[2026-10-04 04:48:08] cross-night: {"cross_night_same_stage": {"EER": 19.36, "CI95": [13.78, 24.69]}, "cross_night_cross_stage": {"EER": 24.76, "CI95": [19.49, 30.95]}, "diff_cross_night_minus_within": {"diff": 14.46, "CI95": [8.26, 19.99]}}
[2026-10-04 04:48:14] re-enrolment: {"definition": "night-2 update epochs are chronologically EARLIER than every night-2 probe; probe set fixed across update sizes", "augment": {"0.0": {"same_stage_EER": 19.36, "CI95": [13.83, 24.69], "mean_minutes_night2_added_per_stage": 0.0}, "0.25": {"same_stage_EER": 13.76, "CI95": [8.75, 19.36], "mean_minutes_night2_added_per_stage": 15.9}, "0.5": {"same_stage_EER": 10.26, "CI95": [6.22, 14.31], "mean_minutes_night2_added_per_stage": 31.8}, "1.0": {"same_stage_EER": 6.67, "CI95": [3.73, 10.37], "mean_minutes_night2_added_per_stage": 63.5}}, "replace": {"0.25": {"same_stage_EER": 6.5, "CI95": [3.83, 10.95], "mean_minutes_night2_added_per_stage": 17.2}, "0.5": {"same_stage_EER": 5.2, "CI95": [2.33, 9.85], "mean_minutes_night2_added_per_stage": 33.0}, "1.0": {"same_stage_EER": 4.47, "CI95": [1.53, 9.3], "mean_minutes_night2_added_per_stage": 63.5}}}
[2026-10-04 04:48:15] multistage (K=20): {'single_match': 6.86, 'single_other': 13.74, 'multi_other': 10.09, 'multi_all5': 7.67}
[2026-10-04 04:48:15] ===== wake handling: untrimmed =====
[2026-10-04 04:48:16] night-1 EVAL subjects 29, night-2 28; epochs/stage {'W': 54038, 'N1': 4389, 'N2': 13843, 'N3': 2297, 'REM': 4729}
[2026-10-04 04:48:17] [clean] within 4.44  cross 12.48   |  [June leaky protocol] within 0.22 cross 9.61
[2026-10-04 04:48:27] per-subject: {'n': 29, 'mean_a': 17.42, 'mean_b': 7.77, 'median_a': 14.23, 'median_b': 5.3, 'mean_diff': 9.65, 'cohens_dz': 1.49, 'p': 1.862645149230957e-09, 'aggregation': 'per-subject EER, mean over subjects'}
[2026-10-04 04:48:33] scorer ablation: {'cosine_24D_fuse1': {'within': 31.73, 'cross': 45.72}, 'cosine_24D_fuse10': {'within': 25.04, 'cross': 44.87}, 'LDA_subject_disjoint_fuse1': {'within': 16.19, 'cross': 31.75}, 'LDA_subject_disjoint_fuse10': {'within': 10.9, 'cross': 29.34}}
[2026-10-04 04:48:35] fusion depth: {'1': {'accumulated_minutes_of_stage': 0.5, 'within': 6.86, 'cross': 15.0}, '2': {'accumulated_minutes_of_stage': 1.0, 'within': 5.91, 'cross': 14.07}, '5': {'accumulated_minutes_of_stage': 2.5, 'within': 5.06, 'cross': 13.01}, '10': {'accumulated_minutes_of_stage': 5.0, 'within': 4.44, 'cross': 12.48}, '20': {'accumulated_minutes_of_stage': 10.0, 'within': 4.06, 'cross': 11.71}}
[2026-10-04 04:48:35] operating point: {'FRR_at_FAR1pct_within_pooled': 21.85, 'HTER_matched_stage_threshold': 6.18, 'HTER_mismatched_stage_threshold': 6.87, 'HTER_matrix_cal_row_test_col': [[11.49, 6.61, 5.98, 6.35, 4.44], [10.55, 5.95, 3.83, 3.72, 2.59], [15.12, 5.61, 5.57, 5.6, 2.52], [14.8, 5.45, 5.3, 5.42, 2.28], [19.35, 7.87, 6.01, 3.42, 2.51]], 'note': '2-fold subject-disjoint calibration/test; thresholds at the calibration-fold EER point'}
[2026-10-04 04:48:57] cross-night: {"cross_night_same_stage": {"EER": 19.76, "CI95": [14.25, 25.04]}, "cross_night_cross_stage": {"EER": 25.66, "CI95": [20.82, 30.67]}, "diff_cross_night_minus_within": {"diff": 15.24, "CI95": [8.01, 20.92]}}
[2026-10-04 04:49:12] re-enrolment: {"definition": "night-2 update epochs are chronologically EARLIER than every night-2 probe; probe set fixed across update sizes", "augment": {"0.0": {"same_stage_EER": 19.76, "CI95": [14.29, 24.93], "mean_minutes_night2_added_per_stage": 0.0}, "0.25": {"same_stage_EER": 13.79, "CI95": [8.93, 19.71], "mean_minutes_night2_added_per_stage": 37.3}, "0.5": {"same_stage_EER": 10.62, "CI95": [6.53, 15.01], "mean_minutes_night2_added_per_stage": 74.5}, "1.0": {"same_stage_EER": 7.16, "CI95": [4.15, 10.65], "mean_minutes_night2_added_per_stage": 149.0}}, "replace": {"0.25": {"same_stage_EER": 5.87, "CI95": [3.47, 10.06], "mean_minutes_night2_added_per_stage": 40.6}, "0.5": {"same_stage_EER": 5.47, "CI95": [2.88, 9.85], "mean_minutes_night2_added_per_stage": 77.5}, "1.0": {"same_stage_EER": 5.02, "CI95": [2.22, 9.59], "mean_minutes_night2_added_per_stage": 149.0}}}
[2026-10-04 04:49:13] multistage (K=20): {'single_match': 6.79, 'single_other': 13.25, 'multi_other': 9.28, 'multi_all5': 7.61}
[2026-10-04 04:49:13] MAIN done -> results_leakfree.json (+ CSVs). Next: `band`, then `numbers`.
